// Jest Snapshot v1, https://goo.gl/fbAQLP

exports[`renders correctly 1`] = `
<button
  className="inline-flex items-center whitespace-nowrap rounded-md text-sm font-medium ring-offset-white transition-colors focus-visible:outline-none focus-visible:ring-2 focus-visible:ring-zinc-950 focus-visible:ring-offset-2 disabled:pointer-events-none disabled:opacity-50 dark:ring-offset-zinc-950 dark:focus-visible:ring-zinc-300 bg-dre-400 text-zinc-50 hover:bg-dre-400/90 dark:bg-dre-100 dark:text-zinc-900 dark:hover:bg-dre-100/90 h-10 px-4 py-2"
/>
`;
