// Jest Snapshot v1, https://goo.gl/fbAQLP

exports[`renders correctly 1`] = `
<div
  className="relative overflow-hidden"
  dir="ltr"
  style={
    {
      "--radix-scroll-area-corner-height": "0px",
      "--radix-scroll-area-corner-width": "0px",
      "position": "relative",
    }
  }
>
  <style
    dangerouslySetInnerHTML={
      {
        "__html": "
[data-radix-scroll-area-viewport] {
  scrollbar-width: none;
  -ms-overflow-style: none;
  -webkit-overflow-scrolling: touch;
}
[data-radix-scroll-area-viewport]::-webkit-scrollbar {
  display: none;
}
:where([data-radix-scroll-area-viewport]) {
  display: flex;
  flex-direction: column;
  align-items: stretch;
}
:where([data-radix-scroll-area-content]) {
  flex-grow: 1;
}
",
      }
    }
  />
  <div
    className="h-full w-full rounded-[inherit]"
    data-radix-scroll-area-viewport=""
    style={
      {
        "overflowX": "hidden",
        "overflowY": "scroll",
      }
    }
  >
    <div
      data-radix-scroll-area-content=""
      style={
        {
          "minWidth": undefined,
        }
      }
    />
  </div>
</div>
`;
